Microsoft Windows [Version 10.0.19042.1110]
(c) Microsoft Corporation. All rights reserved.

C:\Users\HP>d:

D:\>cd Testing_Projects

D:\Testing_Projects>mkdir
The syntax of the command is incorrect.

D:\Testing_Projects>mkdir gittest

D:\Testing_Projects>dir
 Volume in drive D is New Volume
 Volume Serial Number is 74EA-3384

 Directory of D:\Testing_Projects

02-08-2021  20:58    <DIR>          .
02-08-2021  20:58    <DIR>          ..
01-08-2021  00:53    <DIR>          Firebase-deploy
02-08-2021  20:58    <DIR>          gittest
31-07-2021  20:27    <DIR>          project
31-07-2021  20:35    <DIR>          project2
               0 File(s)              0 bytes
               6 Dir(s)  242,390,351,872 bytes free

D:\Testing_Projects>cd gittest/

D:\Testing_Projects\gittest>git init
Initialized empty Git repository in D:/Testing_Projects/gittest/.git/

D:\Testing_Projects\gittest>dir -a
 Volume in drive D is New Volume
 Volume Serial Number is 74EA-3384

 Directory of D:\Testing_Projects\gittest

File Not Found

D:\Testing_Projects\gittest>attrib -s -h -r /s /c *.*
Invalid switch - /c

D:\Testing_Projects\gittest>mkdir names.txt

D:\Testing_Projects\gittest>cat names1.txt
'cat' is not recognized as an internal or external command,
operable program or batch file.

D:\Testing_Projects\gittest>type nul> images.txt

D:\Testing_Projects\gittest>git status
On branch master

No commits yet

Untracked files:
  (use "git add <file>..." to include in what will be committed)
        images.txt

nothing added to commit but untracked files present (use "git add" to track)

D:\Testing_Projects\gittest>git add images.txt

D:\Testing_Projects\gittest>git status
On branch master

No commits yet

Changes to be committed:
  (use "git rm --cached <file>..." to unstage)
        new file:   images.txt


D:\Testing_Projects\gittest>git commit -m"images.txt added"
[master (root-commit) 48bcb6e] images.txt added
 1 file changed, 0 insertions(+), 0 deletions(-)
 create mode 100644 images.txt

D:\Testing_Projects\gittest>git status
On branch master
nothing to commit, working tree clean

D:\Testing_Projects\gittest>git status
On branch master
Changes not staged for commit:
  (use "git add <file>..." to update what will be committed)
  (use "git restore <file>..." to discard changes in working directory)
        modified:   images.txt

no changes added to commit (use "git add" and/or "git commit -a")

D:\Testing_Projects\gittest>git add .

D:\Testing_Projects\gittest>git status
On branch master
Changes to be committed:
  (use "git restore --staged <file>..." to unstage)
        modified:   images.txt


D:\Testing_Projects\gittest>restore --staged images.txt
'restore' is not recognized as an internal or external command,
operable program or batch file.

D:\Testing_Projects\gittest>git restore --staged images.txt

D:\Testing_Projects\gittest>git status
On branch master
Changes not staged for commit:
  (use "git add <file>..." to update what will be committed)
  (use "git restore <file>..." to discard changes in working directory)
        modified:   images.txt

no changes added to commit (use "git add" and/or "git commit -a")

D:\Testing_Projects\gittest>git add images.txt

D:\Testing_Projects\gittest>git commit -m "images.txt fill"
[master 57a8998] images.txt fill
 1 file changed, 1 insertion(+)

D:\Testing_Projects\gittest>git log
commit 57a8998b12b01f5c8bb7a21be22c23ba6dfe1754 (HEAD -> master)
Author: Anuj Barave <anujbarave@gmal.com>
Date:   Mon Aug 2 21:29:26 2021 +0530

    images.txt fill

commit 48bcb6e0a412d3e4f1eefcb64ac9670890291764
Author: Anuj Barave <anujbarave@gmal.com>
Date:   Mon Aug 2 21:19:05 2021 +0530

    images.txt added

D:\Testing_Projects\gittest>git config --global user.email "anujbarave@gmail.com"

D:\Testing_Projects\gittest>git log
commit 57a8998b12b01f5c8bb7a21be22c23ba6dfe1754 (HEAD -> master)
Author: Anuj Barave <anujbarave@gmal.com>
Date:   Mon Aug 2 21:29:26 2021 +0530

    images.txt fill

commit 48bcb6e0a412d3e4f1eefcb64ac9670890291764
Author: Anuj Barave <anujbarave@gmal.com>
Date:   Mon Aug 2 21:19:05 2021 +0530

    images.txt added

D:\Testing_Projects\gittest>git config user.email
anujbarave@gmail.com

D:\Testing_Projects\gittest>git log
commit 57a8998b12b01f5c8bb7a21be22c23ba6dfe1754 (HEAD -> master)
Author: Anuj Barave <anujbarave@gmal.com>
Date:   Mon Aug 2 21:29:26 2021 +0530

    images.txt fill

commit 48bcb6e0a412d3e4f1eefcb64ac9670890291764
Author: Anuj Barave <anujbarave@gmal.com>
Date:   Mon Aug 2 21:19:05 2021 +0530

    images.txt added

D:\Testing_Projects\gittest>del images.txt

D:\Testing_Projects\gittest>git status
On branch master
Changes not staged for commit:
  (use "git add/rm <file>..." to update what will be committed)
  (use "git restore <file>..." to discard changes in working directory)
        deleted:    images.txt

no changes added to commit (use "git add" and/or "git commit -a")

D:\Testing_Projects\gittest>git add
Nothing specified, nothing added.
hint: Maybe you wanted to say 'git add .'?
hint: Turn this message off by running
hint: "git config advice.addEmptyPathspec false"

D:\Testing_Projects\gittest>git add .

D:\Testing_Projects\gittest>git status
On branch master
Changes to be committed:
  (use "git restore --staged <file>..." to unstage)
        deleted:    images.txt


D:\Testing_Projects\gittest>dir
 Volume in drive D is New Volume
 Volume Serial Number is 74EA-3384

 Directory of D:\Testing_Projects\gittest

02-08-2021  21:36    <DIR>          .
02-08-2021  21:36    <DIR>          ..
               0 File(s)              0 bytes
               2 Dir(s)  242,390,298,624 bytes free

D:\Testing_Projects\gittest>git commit m "deleted"
error: pathspec 'm' did not match any file(s) known to git
error: pathspec 'deleted' did not match any file(s) known to git

D:\Testing_Projects\gittest>git commit -m "deleted"
[master f75893e] deleted
 1 file changed, 1 deletion(-)
 delete mode 100644 images.txt

D:\Testing_Projects\gittest>git log
commit f75893e67f9f4875b6f19ed0983bedca14581195 (HEAD -> master)
Author: Anuj Barave <anujbarave@gmail.com>
Date:   Mon Aug 2 22:27:24 2021 +0530

    deleted

commit 57a8998b12b01f5c8bb7a21be22c23ba6dfe1754
Author: Anuj Barave <anujbarave@gmal.com>
Date:   Mon Aug 2 21:29:26 2021 +0530

    images.txt fill

commit 48bcb6e0a412d3e4f1eefcb64ac9670890291764
Author: Anuj Barave <anujbarave@gmal.com>
Date:   Mon Aug 2 21:19:05 2021 +0530

    images.txt added

D:\Testing_Projects\gittest>git reset 57a8998b12b01f5c8bb7a21be22c23ba6dfe1754
Unstaged changes after reset:
D       images.txt

D:\Testing_Projects\gittest>git log
commit 57a8998b12b01f5c8bb7a21be22c23ba6dfe1754 (HEAD -> master)
Author: Anuj Barave <anujbarave@gmal.com>
Date:   Mon Aug 2 21:29:26 2021 +0530

    images.txt fill

commit 48bcb6e0a412d3e4f1eefcb64ac9670890291764
Author: Anuj Barave <anujbarave@gmal.com>
Date:   Mon Aug 2 21:19:05 2021 +0530

    images.txt added

D:\Testing_Projects\gittest>git status
On branch master
Changes not staged for commit:
  (use "git add/rm <file>..." to update what will be committed)
  (use "git restore <file>..." to discard changes in working directory)
        deleted:    images.txt

no changes added to commit (use "git add" and/or "git commit -a")

D:\Testing_Projects\gittest>type null> videos.txt
The system cannot find the file specified.

D:\Testing_Projects\gittest>type null>videos.txt
The system cannot find the file specified.

D:\Testing_Projects\gittest>type null>add.txt
The system cannot find the file specified.

D:\Testing_Projects\gittest>type nul>videos.txt

D:\Testing_Projects\gittest>ren images.txt add.txt
The system cannot find the file specified.

D:\Testing_Projects\gittest>git status
On branch master
Changes not staged for commit:
  (use "git add/rm <file>..." to update what will be committed)
  (use "git restore <file>..." to discard changes in working directory)
        deleted:    images.txt

Untracked files:
  (use "git add <file>..." to include in what will be committed)
        add.txt
        videos.txt

no changes added to commit (use "git add" and/or "git commit -a")

D:\Testing_Projects\gittest>git add.
git: 'add.' is not a git command. See 'git --help'.

The most similar command is
        add

D:\Testing_Projects\gittest>git add .

D:\Testing_Projects\gittest>git status
On branch master
Changes to be committed:
  (use "git restore --staged <file>..." to unstage)
        new file:   add.txt
        deleted:    images.txt
        new file:   videos.txt


D:\Testing_Projects\gittest>git stash
Saved working directory and index state WIP on master: 57a8998 images.txt fill

D:\Testing_Projects\gittest>git commit
On branch master
nothing to commit, working tree clean

D:\Testing_Projects\gittest>git log
commit 57a8998b12b01f5c8bb7a21be22c23ba6dfe1754 (HEAD -> master)
Author: Anuj Barave <anujbarave@gmal.com>
Date:   Mon Aug 2 21:29:26 2021 +0530

    images.txt fill

commit 48bcb6e0a412d3e4f1eefcb64ac9670890291764
Author: Anuj Barave <anujbarave@gmal.com>
Date:   Mon Aug 2 21:19:05 2021 +0530

    images.txt added

D:\Testing_Projects\gittest>git stash pop
Removing images.txt
On branch master
Changes to be committed:
  (use "git restore --staged <file>..." to unstage)
        new file:   add.txt
        new file:   videos.txt

Changes not staged for commit:
  (use "git add/rm <file>..." to update what will be committed)
  (use "git restore <file>..." to discard changes in working directory)
        deleted:    images.txt

Dropped refs/stash@{0} (77638f710c6e5e93c3dd32ceec7f0f9c532e0578)

D:\Testing_Projects\gittest> git add .

D:\Testing_Projects\gittest>dit stash
'dit' is not recognized as an internal or external command,
operable program or batch file.

D:\Testing_Projects\gittest>git stash
Saved working directory and index state WIP on master: 57a8998 images.txt fill

D:\Testing_Projects\gittest>stash clear
'stash' is not recognized as an internal or external command,
operable program or batch file.

D:\Testing_Projects\gittest>git stash clear

D:\Testing_Projects\gittest>git log
commit 57a8998b12b01f5c8bb7a21be22c23ba6dfe1754 (HEAD -> master)
Author: Anuj Barave <anujbarave@gmal.com>
Date:   Mon Aug 2 21:29:26 2021 +0530

    images.txt fill

commit 48bcb6e0a412d3e4f1eefcb64ac9670890291764
Author: Anuj Barave <anujbarave@gmal.com>
Date:   Mon Aug 2 21:19:05 2021 +0530

    images.txt added

D:\Testing_Projects\gittest>git remote add origin https://github.com/anujbarave99/startup

D:\Testing_Projects\gittest>git push origin master
Enumerating objects: 6, done.
Counting objects: 100% (6/6), done.
Delta compression using up to 8 threads
Compressing objects: 100% (2/2), done.
Writing objects: 100% (6/6), 453 bytes | 226.00 KiB/s, done.
Total 6 (delta 0), reused 0 (delta 0), pack-reused 0
To https://github.com/anujbarave99/startup
 * [new branch]      master -> master

D:\Testing_Projects\gittest>